<html>
<body>
<pre>
<h1>µVision Build Log</h1>
<h2>Project:</h2>
E:\v23ce6k1\arm7-lpc2129\multi_level_security_system\multi_sec_sys.uvproj
Project File Date:  05/16/2024

<h2>Output:</h2>
Rebuild target 'Target 1'
assembling Startup.s...
compiling main.c...
motor_driver.c(5): error:  #20: identifier "in1" is undefined
gsm_otp.c(15): error:  #10: "#" not expected here
gsm_otp.c(15): error:  #18: expected a ")"
main.c(28): error:  #20: identifier "in1" is undefined
Target not created
Rebuild target 'Target 1'
assembling Startup.s...
compiling main.c...
linking...
Program Size: Code=6380 RO-data=116 RW-data=20 ZI-data=1292  
FromELF: creating hex file...
"multi_sec_sys-1.axf" - 0 Error(s), 0 Warning(s).
Build target 'Target 1'
compiling main.c...
linking...
Program Size: Code=6388 RO-data=116 RW-data=20 ZI-data=1292  
FromELF: creating hex file...
"multi_sec_sys-1.axf" - 0 Error(s), 0 Warning(s).
Build target 'Target 1'
compiling main.c...
linking...
Program Size: Code=6380 RO-data=116 RW-data=20 ZI-data=1292  
FromELF: creating hex file...
"multi_sec_sys-1.axf" - 0 Error(s), 0 Warning(s).
Rebuild target 'Target 1'
assembling Startup.s...
compiling main.c...
linking...
Program Size: Code=6460 RO-data=116 RW-data=20 ZI-data=1292  
FromELF: creating hex file...
"multi_sec_sys-1.axf" - 0 Error(s), 0 Warning(s).
Build target 'Target 1'
compiling main.c...
linking...
Program Size: Code=6460 RO-data=116 RW-data=20 ZI-data=1292  
FromELF: creating hex file...
"multi_sec_sys-1.axf" - 0 Error(s), 0 Warning(s).
Build target 'Target 1'
compiling main.c...
linking...
Program Size: Code=6464 RO-data=116 RW-data=20 ZI-data=1292  
FromELF: creating hex file...
"multi_sec_sys-1.axf" - 0 Error(s), 0 Warning(s).
Build target 'Target 1'
compiling main.c...
linking...
Program Size: Code=6464 RO-data=116 RW-data=20 ZI-data=1292  
FromELF: creating hex file...
"multi_sec_sys-1.axf" - 0 Error(s), 0 Warning(s).
Rebuild target 'Target 1'
assembling Startup.s...
compiling main.c...
linking...
Program Size: Code=6472 RO-data=116 RW-data=20 ZI-data=1292  
FromELF: creating hex file...
"multi_sec_sys-1.axf" - 0 Error(s), 0 Warning(s).
Rebuild target 'Target 1'
assembling Startup.s...
compiling main.c...
linking...
Program Size: Code=6356 RO-data=116 RW-data=20 ZI-data=1292  
FromELF: creating hex file...
"multi_sec_sys-1.axf" - 0 Error(s), 0 Warning(s).
Rebuild target 'Target 1'
assembling Startup.s...
compiling main.c...
linking...
Program Size: Code=6356 RO-data=116 RW-data=20 ZI-data=1292  
FromELF: creating hex file...
"multi_sec_sys-1.axf" - 0 Error(s), 0 Warning(s).
Rebuild target 'Target 1'
assembling Startup.s...
compiling main.c...
linking...
Program Size: Code=6356 RO-data=116 RW-data=20 ZI-data=1292  
FromELF: creating hex file...
"multi_sec_sys-1.axf" - 0 Error(s), 0 Warning(s).
Rebuild target 'Target 1'
assembling Startup.s...
compiling main.c...
operations.c(23): warning:  #2548-D: multicharacter character literal (potential portability problem)
operations.c(23): warning:  #69-D: integer conversion resulted in truncation
linking...
Program Size: Code=6356 RO-data=116 RW-data=20 ZI-data=1292  
FromELF: creating hex file...
"multi_sec_sys-1.axf" - 0 Error(s), 2 Warning(s).
Build target 'Target 1'
compiling main.c...
linking...
Program Size: Code=6356 RO-data=116 RW-data=20 ZI-data=1292  
FromELF: creating hex file...
"multi_sec_sys-1.axf" - 0 Error(s), 0 Warning(s).
Build target 'Target 1'
compiling main.c...
linking...
Program Size: Code=6404 RO-data=116 RW-data=20 ZI-data=1292  
FromELF: creating hex file...
"multi_sec_sys-1.axf" - 0 Error(s), 0 Warning(s).
Build target 'Target 1'
linking...
Program Size: Code=6404 RO-data=116 RW-data=20 ZI-data=1292  
FromELF: creating hex file...
"multi_sec_sys-1.axf" - 0 Error(s), 0 Warning(s).
Build target 'Target 1'
compiling main.c...
linking...
Program Size: Code=6404 RO-data=116 RW-data=20 ZI-data=1292  
FromELF: creating hex file...
"multi_sec_sys-1.axf" - 0 Error(s), 0 Warning(s).
Rebuild target 'Target 1'
assembling Startup.s...
compiling main.c...
motor_driver.c(6): warning:  #61-D: integer operation result is out of range
motor_driver.c(9): warning:  #61-D: integer operation result is out of range
motor_driver.c(9): warning:  #68-D: integer conversion resulted in a change of sign
motor_driver.c(13): warning:  #61-D: integer operation result is out of range
motor_driver.c(19): warning:  #61-D: integer operation result is out of range
motor_driver.c(19): warning:  #68-D: integer conversion resulted in a change of sign
motor_driver.c(22): warning:  #61-D: integer operation result is out of range
main.c(28): warning:  #61-D: integer operation result is out of range
main.c(29): warning:  #61-D: integer operation result is out of range
linking...
Program Size: Code=6536 RO-data=116 RW-data=20 ZI-data=1292  
FromELF: creating hex file...
"multi_sec_sys-1.axf" - 0 Error(s), 9 Warning(s).
Rebuild target 'Target 1'
assembling Startup.s...
compiling main.c...
linking...
Program Size: Code=6536 RO-data=116 RW-data=20 ZI-data=1292  
FromELF: creating hex file...
"multi_sec_sys-1.axf" - 0 Error(s), 0 Warning(s).
Rebuild target 'Target 1'
assembling Startup.s...
compiling main.c...
linking...
Program Size: Code=6536 RO-data=116 RW-data=20 ZI-data=1292  
FromELF: creating hex file...
"multi_sec_sys-1.axf" - 0 Error(s), 0 Warning(s).
Build target 'Target 1'
compiling main.c...
linking...
Program Size: Code=6768 RO-data=116 RW-data=20 ZI-data=1292  
FromELF: creating hex file...
"multi_sec_sys-1.axf" - 0 Error(s), 0 Warning(s).
Build target 'Target 1'
compiling main.c...
linking...
Program Size: Code=6768 RO-data=116 RW-data=20 ZI-data=1292  
FromELF: creating hex file...
"multi_sec_sys-1.axf" - 0 Error(s), 0 Warning(s).
Rebuild target 'Target 1'
assembling Startup.s...
compiling main.c...
linking...
Program Size: Code=6760 RO-data=116 RW-data=20 ZI-data=1292  
FromELF: creating hex file...
"multi_sec_sys-1.axf" - 0 Error(s), 0 Warning(s).
Build target 'Target 1'
compiling main.c...
linking...
Program Size: Code=6760 RO-data=116 RW-data=20 ZI-data=1292  
FromELF: creating hex file...
"multi_sec_sys-1.axf" - 0 Error(s), 0 Warning(s).
Build target 'Target 1'
compiling main.c...
linking...
Program Size: Code=6760 RO-data=116 RW-data=20 ZI-data=1292  
FromELF: creating hex file...
"multi_sec_sys-1.axf" - 0 Error(s), 0 Warning(s).
Build target 'Target 1'
compiling main.c...
linking...
Program Size: Code=6760 RO-data=116 RW-data=20 ZI-data=1292  
FromELF: creating hex file...
"multi_sec_sys-1.axf" - 0 Error(s), 0 Warning(s).
