<html>
<body>
<pre>
<h1>µVision Build Log</h1>
<h2>Project:</h2>
E:\v23ce6k1\arm7-lpc2129\multi_level_security_system\multi_sec_sys.uvproj
Project File Date:  05/15/2024

<h2>Output:</h2>
Build target 'Target 1'
assembling Startup.s...
compiling main.c...
keypad.h(66): warning:  #1-D: last line of file ends without a newline
linking...
Program Size: Code=6100 RO-data=116 RW-data=20 ZI-data=1292  
FromELF: creating hex file...
"multi_sec_sys.axf" - 0 Error(s), 1 Warning(s).
Build target 'Target 1'
compiling main.c...
linking...
Program Size: Code=6100 RO-data=116 RW-data=20 ZI-data=1292  
FromELF: creating hex file...
"multi_sec_sys.axf" - 0 Error(s), 0 Warning(s).
Build target 'Target 1'
compiling main.c...
operations.c(22): error:  #65: expected a ";"
Target not created
Build target 'Target 1'
compiling main.c...
linking...
Program Size: Code=6120 RO-data=116 RW-data=20 ZI-data=1292  
FromELF: creating hex file...
"multi_sec_sys.axf" - 0 Error(s), 0 Warning(s).
Build target 'Target 1'
assembling Startup.s...
compiling main.c...
linking...
Program Size: Code=6120 RO-data=116 RW-data=20 ZI-data=1292  
FromELF: creating hex file...
"multi_sec_sys.axf" - 0 Error(s), 0 Warning(s).
Build target 'Target 1'
assembling Startup.s...
compiling main.c...
linking...
Program Size: Code=6120 RO-data=116 RW-data=20 ZI-data=1292  
FromELF: creating hex file...
"multi_sec_sys.axf" - 0 Error(s), 0 Warning(s).
Build target 'Target 1'
compiling main.c...
linking...
Program Size: Code=6120 RO-data=116 RW-data=20 ZI-data=1292  
FromELF: creating hex file...
"multi_sec_sys.axf" - 0 Error(s), 0 Warning(s).
Build target 'Target 1'
assembling Startup.s...
compiling main.c...
linking...
Program Size: Code=6120 RO-data=116 RW-data=20 ZI-data=1292  
FromELF: creating hex file...
"multi_sec_sys.axf" - 0 Error(s), 0 Warning(s).
Build target 'Target 1'
assembling Startup.s...
compiling main.c...
linking...
Program Size: Code=6120 RO-data=116 RW-data=20 ZI-data=1292  
FromELF: creating hex file...
"multi_sec_sys.axf" - 0 Error(s), 0 Warning(s).
Build target 'Target 1'
compiling main.c...
linking...
Program Size: Code=6128 RO-data=116 RW-data=20 ZI-data=1292  
FromELF: creating hex file...
"multi_sec_sys.axf" - 0 Error(s), 0 Warning(s).
Build target 'Target 1'
compiling main.c...
linking...
Program Size: Code=6128 RO-data=116 RW-data=20 ZI-data=1292  
FromELF: creating hex file...
"multi_sec_sys.axf" - 0 Error(s), 0 Warning(s).
Build target 'Target 1'
assembling Startup.s...
compiling main.c...
linking...
Program Size: Code=6128 RO-data=116 RW-data=20 ZI-data=1292  
FromELF: creating hex file...
"multi_sec_sys.axf" - 0 Error(s), 0 Warning(s).
Build target 'Target 1'
assembling Startup.s...
compiling main.c...
linking...
Program Size: Code=6144 RO-data=116 RW-data=20 ZI-data=1292  
FromELF: creating hex file...
"multi_sec_sys.axf" - 0 Error(s), 0 Warning(s).
Build target 'Target 1'
assembling Startup.s...
compiling main.c...
linking...
Program Size: Code=6144 RO-data=116 RW-data=20 ZI-data=1292  
FromELF: creating hex file...
"multi_sec_sys.axf" - 0 Error(s), 0 Warning(s).
Build target 'Target 1'
assembling Startup.s...
compiling main.c...
linking...
Program Size: Code=6144 RO-data=116 RW-data=20 ZI-data=1292  
FromELF: creating hex file...
"multi_sec_sys-1.axf" - 0 Error(s), 0 Warning(s).
Build target 'Target 1'
assembling Startup.s...
compiling main.c...
linking...
Program Size: Code=6144 RO-data=116 RW-data=20 ZI-data=1292  
FromELF: creating hex file...
"multi_sec_sys-1.axf" - 0 Error(s), 0 Warning(s).
Build target 'Target 1'
assembling Startup.s...
compiling main.c...
linking...
Program Size: Code=6144 RO-data=116 RW-data=20 ZI-data=1292  
FromELF: creating hex file...
"multi_sec_sys-1.axf" - 0 Error(s), 0 Warning(s).
Build target 'Target 1'
compiling main.c...
linking...
Program Size: Code=6160 RO-data=116 RW-data=20 ZI-data=1292  
FromELF: creating hex file...
"multi_sec_sys-1.axf" - 0 Error(s), 0 Warning(s).
Build target 'Target 1'
compiling main.c...
operations.c(58): warning:  #223-D: function "delay" declared implicitly
linking...
multi_sec_sys-1.axf: Error: L6218E: Undefined symbol delay (referred from main.o).
Target not created
Build target 'Target 1'
compiling main.c...
linking...
Program Size: Code=6188 RO-data=116 RW-data=20 ZI-data=1292  
FromELF: creating hex file...
"multi_sec_sys-1.axf" - 0 Error(s), 0 Warning(s).
Build target 'Target 1'
assembling Startup.s...
compiling main.c...
linking...
Program Size: Code=6196 RO-data=116 RW-data=20 ZI-data=1292  
FromELF: creating hex file...
"multi_sec_sys-1.axf" - 0 Error(s), 0 Warning(s).
Build target 'Target 1'
compiling main.c...
linking...
Program Size: Code=6204 RO-data=116 RW-data=20 ZI-data=1292  
FromELF: creating hex file...
"multi_sec_sys-1.axf" - 0 Error(s), 0 Warning(s).
Build target 'Target 1'
compiling main.c...
linking...
Program Size: Code=6216 RO-data=116 RW-data=20 ZI-data=1292  
FromELF: creating hex file...
"multi_sec_sys-1.axf" - 0 Error(s), 0 Warning(s).
Build target 'Target 1'
assembling Startup.s...
compiling main.c...
linking...
Program Size: Code=6232 RO-data=116 RW-data=20 ZI-data=1292  
FromELF: creating hex file...
"multi_sec_sys-1.axf" - 0 Error(s), 0 Warning(s).
Build target 'Target 1'
assembling Startup.s...
compiling main.c...
linking...
Program Size: Code=6224 RO-data=116 RW-data=20 ZI-data=1292  
FromELF: creating hex file...
"multi_sec_sys-1.axf" - 0 Error(s), 0 Warning(s).
Build target 'Target 1'
compiling main.c...
linking...
Program Size: Code=6224 RO-data=116 RW-data=20 ZI-data=1292  
FromELF: creating hex file...
"multi_sec_sys-1.axf" - 0 Error(s), 0 Warning(s).
Build target 'Target 1'
compiling main.c...
linking...
Program Size: Code=6224 RO-data=116 RW-data=20 ZI-data=1292  
FromELF: creating hex file...
"multi_sec_sys-1.axf" - 0 Error(s), 0 Warning(s).
Build target 'Target 1'
compiling main.c...
operations.c(140): error:  #20: identifier "i" is undefined
Target not created
Build target 'Target 1'
compiling main.c...
linking...
Program Size: Code=6312 RO-data=116 RW-data=20 ZI-data=1292  
FromELF: creating hex file...
"multi_sec_sys-1.axf" - 0 Error(s), 0 Warning(s).
Build target 'Target 1'
assembling Startup.s...
compiling main.c...
linking...
Program Size: Code=6344 RO-data=116 RW-data=20 ZI-data=1292  
FromELF: creating hex file...
"multi_sec_sys-1.axf" - 0 Error(s), 0 Warning(s).
Build target 'Target 1'
assembling Startup.s...
compiling main.c...
linking...
Program Size: Code=6344 RO-data=116 RW-data=20 ZI-data=1292  
FromELF: creating hex file...
"multi_sec_sys-1.axf" - 0 Error(s), 0 Warning(s).
Build target 'Target 1'
assembling Startup.s...
compiling main.c...
linking...
Program Size: Code=6344 RO-data=116 RW-data=20 ZI-data=1292  
FromELF: creating hex file...
"multi_sec_sys-1.axf" - 0 Error(s), 0 Warning(s).
Build target 'Target 1'
assembling Startup.s...
compiling main.c...
linking...
Program Size: Code=6344 RO-data=116 RW-data=20 ZI-data=1292  
FromELF: creating hex file...
"multi_sec_sys-1.axf" - 0 Error(s), 0 Warning(s).
Build target 'Target 1'
assembling Startup.s...
compiling main.c...
linking...
Program Size: Code=6344 RO-data=116 RW-data=20 ZI-data=1292  
FromELF: creating hex file...
"multi_sec_sys-1.axf" - 0 Error(s), 0 Warning(s).
Build target 'Target 1'
assembling Startup.s...
compiling main.c...
linking...
Program Size: Code=6328 RO-data=116 RW-data=20 ZI-data=1292  
FromELF: creating hex file...
"multi_sec_sys-1.axf" - 0 Error(s), 0 Warning(s).
Build target 'Target 1'
assembling Startup.s...
compiling main.c...
linking...
Program Size: Code=6328 RO-data=116 RW-data=20 ZI-data=1292  
FromELF: creating hex file...
"multi_sec_sys-1.axf" - 0 Error(s), 0 Warning(s).
Build target 'Target 1'
compiling main.c...
linking...
Program Size: Code=6328 RO-data=116 RW-data=20 ZI-data=1292  
FromELF: creating hex file...
"multi_sec_sys-1.axf" - 0 Error(s), 0 Warning(s).
Build target 'Target 1'
assembling Startup.s...
compiling main.c...
linking...
Program Size: Code=6324 RO-data=116 RW-data=20 ZI-data=1292  
FromELF: creating hex file...
"multi_sec_sys-1.axf" - 0 Error(s), 0 Warning(s).
Build target 'Target 1'
assembling Startup.s...
compiling main.c...
linking...
Program Size: Code=6324 RO-data=116 RW-data=20 ZI-data=1292  
FromELF: creating hex file...
"multi_sec_sys-1.axf" - 0 Error(s), 0 Warning(s).
Build target 'Target 1'
assembling Startup.s...
compiling main.c...
eeprom_i2c.h(4): warning:  #223-D: function "eeprom_write" declared implicitly
eeprom_i2c.h(12): error:  #20: identifier "sec" is undefined
eeprom_i2c.h(12): warning:  #223-D: function "rtc_read" declared implicitly
gsm_otp.c(12): warning:  #223-D: function "srand" declared implicitly
gsm_otp.c(13): warning:  #223-D: function "rand" declared implicitly
Target not created
Build target 'Target 1'
compiling main.c...
gsm_otp.c(12): warning:  #223-D: function "rtc" declared implicitly
gsm_otp.c(36): warning:  #223-D: function "uart0_init" declared implicitly
gsm_otp.c(44): warning:  #223-D: function "uart0_tx" declared implicitly
gsm_otp.c(50): warning:  #223-D: function "uart0_tx" declared implicitly
eeprom_i2c.h(4): warning:  #223-D: function "eeprom_write" declared implicitly
eeprom_i2c.h(12): error:  #20: identifier "sec" is undefined
eeprom_i2c.h(12): warning:  #223-D: function "rtc_read" declared implicitly
uart0.h(3): error:  #159: declaration is incompatible with previous "uart0_init" (declared at line 36 of "gsm_otp.c")
uart0.h(10): error:  #159: declaration is incompatible with previous "uart0_tx" (declared at line 44 of "gsm_otp.c")
Target not created
Build target 'Target 1'
assembling Startup.s...
compiling main.c...
gsm_otp.c(12): warning:  #223-D: function "rtc" declared implicitly
eeprom_i2c.h(4): warning:  #223-D: function "eeprom_write" declared implicitly
eeprom_i2c.h(12): error:  #20: identifier "sec" is undefined
eeprom_i2c.h(12): warning:  #223-D: function "rtc_read" declared implicitly
Target not created
Build target 'Target 1'
assembling Startup.s...
compiling main.c...
gsm_otp.c(12): warning:  #223-D: function "rtc" declared implicitly
eeprom_i2c.h(4): warning:  #223-D: function "eeprom_write" declared implicitly
eeprom_i2c.h(12): warning:  #223-D: function "rtc_read" declared implicitly
linking...
multi_sec_sys-1.axf: Error: L6218E: Undefined symbol eeprom_write (referred from main.o).
Target not created
Build target 'Target 1'
compiling main.c...
gsm_otp.c(12): warning:  #223-D: function "rtc" declared implicitly
eeprom_i2c.h(2): warning:  #1295-D: Deprecated declaration rtc_read - give arg types
eeprom_i2c.h(6): warning:  #223-D: function "eeprom_write" declared implicitly
linking...
multi_sec_sys-1.axf: Error: L6218E: Undefined symbol eeprom_write (referred from main.o).
Target not created
Build target 'Target 1'
compiling main.c...
eeprom_i2c.h(2): warning:  #1295-D: Deprecated declaration rtc_read - give arg types
eeprom_i2c.h(6): warning:  #223-D: function "eeprom_write" declared implicitly
linking...
multi_sec_sys-1.axf: Error: L6218E: Undefined symbol eeprom_write (referred from main.o).
Target not created
Build target 'Target 1'
compiling main.c...
eeprom_i2c.h(6): warning:  #223-D: function "eeprom_write" declared implicitly
linking...
multi_sec_sys-1.axf: Error: L6218E: Undefined symbol eeprom_write (referred from main.o).
Target not created
Build target 'Target 1'
assembling Startup.s...
compiling main.c...
eeprom_i2c.h(6): warning:  #223-D: function "eeprom_write" declared implicitly
eeprom_i2c.h(37): error:  #159: declaration is incompatible with previous "eeprom_write" (declared at line 6)
Target not created
Build target 'Target 1'
compiling main.c...
linking...
Program Size: Code=7076 RO-data=116 RW-data=20 ZI-data=1516  
FromELF: creating hex file...
"multi_sec_sys-1.axf" - 0 Error(s), 0 Warning(s).
Build target 'Target 1'
assembling Startup.s...
compiling main.c...
linking...
Program Size: Code=7044 RO-data=116 RW-data=20 ZI-data=1516  
FromELF: creating hex file...
"multi_sec_sys-1.axf" - 0 Error(s), 0 Warning(s).
Build target 'Target 1'
assembling Startup.s...
compiling main.c...
linking...
Program Size: Code=7044 RO-data=116 RW-data=20 ZI-data=1516  
FromELF: creating hex file...
"multi_sec_sys-1.axf" - 0 Error(s), 0 Warning(s).
Build target 'Target 1'
assembling Startup.s...
compiling main.c...
linking...
Program Size: Code=7012 RO-data=116 RW-data=20 ZI-data=1516  
FromELF: creating hex file...
"multi_sec_sys-1.axf" - 0 Error(s), 0 Warning(s).
Build target 'Target 1'
assembling Startup.s...
compiling main.c...
linking...
Program Size: Code=7016 RO-data=116 RW-data=20 ZI-data=1516  
FromELF: creating hex file...
"multi_sec_sys-1.axf" - 0 Error(s), 0 Warning(s).
Build target 'Target 1'
assembling Startup.s...
compiling main.c...
linking...
Program Size: Code=6944 RO-data=116 RW-data=20 ZI-data=1516  
FromELF: creating hex file...
"multi_sec_sys-1.axf" - 0 Error(s), 0 Warning(s).
Build target 'Target 1'
assembling Startup.s...
compiling main.c...
linking...
Program Size: Code=6944 RO-data=116 RW-data=20 ZI-data=1516  
FromELF: creating hex file...
"multi_sec_sys-1.axf" - 0 Error(s), 0 Warning(s).
Build target 'Target 1'
assembling Startup.s...
compiling main.c...
linking...
Program Size: Code=6960 RO-data=116 RW-data=20 ZI-data=1516  
FromELF: creating hex file...
"multi_sec_sys-1.axf" - 0 Error(s), 0 Warning(s).
Build target 'Target 1'
compiling main.c...
linking...
Program Size: Code=6968 RO-data=116 RW-data=20 ZI-data=1516  
FromELF: creating hex file...
"multi_sec_sys-1.axf" - 0 Error(s), 0 Warning(s).
Build target 'Target 1'
assembling Startup.s...
compiling main.c...
linking...
Program Size: Code=6984 RO-data=116 RW-data=20 ZI-data=1516  
FromELF: creating hex file...
"multi_sec_sys-1.axf" - 0 Error(s), 0 Warning(s).
Build target 'Target 1'
assembling Startup.s...
compiling main.c...
linking...
Program Size: Code=6976 RO-data=116 RW-data=20 ZI-data=1516  
FromELF: creating hex file...
"multi_sec_sys-1.axf" - 0 Error(s), 0 Warning(s).
Build target 'Target 1'
assembling Startup.s...
compiling main.c...
linking...
Program Size: Code=6980 RO-data=116 RW-data=20 ZI-data=1516  
FromELF: creating hex file...
"multi_sec_sys-1.axf" - 0 Error(s), 0 Warning(s).
Build target 'Target 1'
assembling Startup.s...
compiling main.c...
linking...
Program Size: Code=6964 RO-data=116 RW-data=20 ZI-data=1516  
FromELF: creating hex file...
"multi_sec_sys-1.axf" - 0 Error(s), 0 Warning(s).
Build target 'Target 1'
assembling Startup.s...
compiling main.c...
linking...
Program Size: Code=6964 RO-data=116 RW-data=20 ZI-data=1516  
FromELF: creating hex file...
"multi_sec_sys-1.axf" - 0 Error(s), 0 Warning(s).
Build target 'Target 1'
assembling Startup.s...
compiling main.c...
linking...
Program Size: Code=6988 RO-data=116 RW-data=20 ZI-data=1516  
FromELF: creating hex file...
"multi_sec_sys-1.axf" - 0 Error(s), 0 Warning(s).
Build target 'Target 1'
assembling Startup.s...
compiling main.c...
linking...
Program Size: Code=6980 RO-data=116 RW-data=20 ZI-data=1516  
FromELF: creating hex file...
"multi_sec_sys-1.axf" - 0 Error(s), 0 Warning(s).
Build target 'Target 1'
assembling Startup.s...
compiling main.c...
linking...
Program Size: Code=6980 RO-data=116 RW-data=20 ZI-data=1516  
FromELF: creating hex file...
"multi_sec_sys-1.axf" - 0 Error(s), 0 Warning(s).
Build target 'Target 1'
assembling Startup.s...
compiling main.c...
linking...
Program Size: Code=6964 RO-data=116 RW-data=20 ZI-data=1516  
FromELF: creating hex file...
"multi_sec_sys-1.axf" - 0 Error(s), 0 Warning(s).
Build target 'Target 1'
assembling Startup.s...
compiling main.c...
linking...
Program Size: Code=6964 RO-data=116 RW-data=20 ZI-data=1516  
FromELF: creating hex file...
"multi_sec_sys-1.axf" - 0 Error(s), 0 Warning(s).
Build target 'Target 1'
assembling Startup.s...
compiling main.c...
linking...
Program Size: Code=6964 RO-data=116 RW-data=20 ZI-data=1516  
FromELF: creating hex file...
"multi_sec_sys-1.axf" - 0 Error(s), 0 Warning(s).
Build target 'Target 1'
assembling Startup.s...
compiling main.c...
linking...
Program Size: Code=6964 RO-data=116 RW-data=20 ZI-data=1516  
FromELF: creating hex file...
"multi_sec_sys-1.axf" - 0 Error(s), 0 Warning(s).
Build target 'Target 1'
assembling Startup.s...
compiling main.c...
linking...
Program Size: Code=6972 RO-data=116 RW-data=20 ZI-data=1516  
FromELF: creating hex file...
"multi_sec_sys-1.axf" - 0 Error(s), 0 Warning(s).
Build target 'Target 1'
compiling main.c...
linking...
Program Size: Code=6984 RO-data=116 RW-data=20 ZI-data=1516  
FromELF: creating hex file...
"multi_sec_sys-1.axf" - 0 Error(s), 0 Warning(s).
Build target 'Target 1'
assembling Startup.s...
compiling main.c...
linking...
Program Size: Code=6992 RO-data=116 RW-data=20 ZI-data=1516  
FromELF: creating hex file...
"multi_sec_sys-1.axf" - 0 Error(s), 0 Warning(s).
Build target 'Target 1'
assembling Startup.s...
compiling main.c...
linking...
Program Size: Code=6988 RO-data=116 RW-data=20 ZI-data=1516  
FromELF: creating hex file...
"multi_sec_sys-1.axf" - 0 Error(s), 0 Warning(s).
Build target 'Target 1'
assembling Startup.s...
compiling main.c...
linking...
Program Size: Code=6988 RO-data=116 RW-data=20 ZI-data=1516  
FromELF: creating hex file...
"multi_sec_sys-1.axf" - 0 Error(s), 0 Warning(s).
